// Jest Snapshot v1, https://goo.gl/fbAQLP

exports[`python full integration test synth synth generates JSON 1`] = `
"{
  \\"//\\": {
    \\"metadata\\": {
      \\"version\\": \\"stubbed\\",
      \\"stackName\\": \\"python-simple\\",
      \\"backend\\": \\"local\\",
      \\"overrides\\": {
        \\"stack\\": [
          \\"terraform\\"
        ],
        \\"aws_sns_topic\\": [
          \\"display_name\\"
        ]
      }
    }
  },
  \\"terraform\\": {
    \\"required_providers\\": {
      \\"aws\\": {
        \\"version\\": \\"~> 2.0\\",
        \\"source\\": \\"aws\\"
      }
    },
    \\"backend\\": {
      \\"remote\\": {
        \\"organization\\": \\"test\\",
        \\"workspaces\\": {
          \\"name\\": \\"test\\"
        }
      }
    }
  },
  \\"provider\\": {
    \\"aws\\": [
      {
        \\"region\\": \\"eu-central-1\\"
      }
    ]
  },
  \\"module\\": {
    \\"CustomVpc\\": {
      \\"name\\": \\"custom-vpc\\",
      \\"source\\": \\"terraform-aws-modules/vpc/aws\\",
      \\"version\\": \\"2.77.0\\",
      \\"//\\": {
        \\"metadata\\": {
          \\"path\\": \\"python-simple/CustomVpc\\",
          \\"uniqueId\\": \\"CustomVpc\\"
        }
      }
    }
  },
  \\"resource\\": {
    \\"aws_sns_topic\\": {
      \\"Topic\\": {
        \\"display_name\\": \\"my-first-sns-topic\\",
        \\"//\\": {
          \\"metadata\\": {
            \\"path\\": \\"python-simple/Topic\\",
            \\"uniqueId\\": \\"Topic\\"
          }
        }
      }
    }
  }
}"
`;
